// Jest Snapshot v1, https://goo.gl/fbAQLP

exports[`<App /> shallow rendering matches the snapshot 1`] = `
<div
  className="blue"
>
  <h1>
    Welcome to React
  </h1>
  <h2 />
  <button
    className="button-state"
    onClick={[Function]}
    type="submit"
  >
    No!
  </button>
  <input
    onChange={[Function]}
  />
</div>
`;
